[2025-04-14 10:02:00] Key Pressed: C (67) - Interval: 0ms
[2025-04-14 10:02:00] Key Pressed: O (79) - Interval: 132ms
[2025-04-14 10:02:00] Key Pressed: N (78) - Interval: 160ms
[2025-04-14 10:02:00] Key Pressed: C (67) - Interval: 91ms
[2025-04-14 10:02:00] Key Pressed: A (65) - Interval: 85ms
[2025-04-14 10:02:01] Key Pressed: C (67) - Interval: 101ms
[2025-04-14 10:02:02] Key Pressed: Enter (13) - Interval: 1190ms
[2025-04-14 10:02:03] Key Pressed: A (65) - Interval: 795ms
[2025-04-14 10:02:03] Key Pressed: A (65) - Interval: 505ms
[2025-04-14 10:02:03] Key Pressed: A (65) - Interval: 30ms
[2025-04-14 10:02:03] Key Pressed: A (65) - Interval: 31ms
[2025-04-14 10:02:03] Key Pressed: A (65) - Interval: 30ms
[2025-04-14 10:02:03] Key Pressed: A (65) - Interval: 30ms
[2025-04-14 10:02:03] Key Pressed: A (65) - Interval: 30ms
[2025-04-14 10:02:03] Key Pressed: A (65) - Interval: 29ms
[2025-04-14 10:02:03] Key Pressed: A (65) - Interval: 30ms
[2025-04-14 10:02:03] Key Pressed: A (65) - Interval: 30ms
[2025-04-14 10:02:03] Key Pressed: A (65) - Interval: 31ms
[2025-04-14 10:02:03] Key Pressed: A (65) - Interval: 31ms
[2025-04-14 10:02:03] Key Pressed: A (65) - Interval: 31ms
