[2025-04-03 10:37:56] Key Pressed: Shift (160) - Interval: 0ms
[2025-04-03 10:37:56] Key Pressed: Unknown[91] (91) - Interval: 23ms
[2025-04-03 10:37:56] Key Pressed: S (83) - Interval: 122ms
[2025-04-03 10:37:58] Key Pressed: Alt (164) - Interval: 2233ms
[2025-04-03 10:37:58] Key Pressed: Tab (9) - Interval: 119ms
[2025-04-03 10:38:01] Key Pressed: Ctrl (162) - Interval: 2845ms
[2025-04-03 10:38:01] Key Pressed: V (86) - Interval: 156ms
[2025-04-03 10:38:02] Key Pressed: Enter (13) - Interval: 359ms
[2025-04-03 10:38:02] Key Pressed: Shift (160) - Interval: 228ms
[2025-04-03 10:38:02] Key Pressed: ; (186) - Interval: 264ms
[2025-04-03 10:38:02] Key Pressed: C (67) - Interval: 223ms
[2025-04-03 10:38:03] Key Pressed: U (85) - Interval: 487ms
[2025-04-03 10:38:04] Key Pressed: M (77) - Interval: 637ms
[2025-04-03 10:38:04] Key Pressed: Enter (13) - Interval: 421ms
[2025-04-03 10:38:04] Key Pressed: Enter (13) - Interval: 193ms
[2025-04-03 10:38:08] Key Pressed: Alt (164) - Interval: 3748ms
[2025-04-03 10:38:08] Key Pressed: Tab (9) - Interval: 86ms
[2025-04-03 10:38:09] Key Pressed: Alt (164) - Interval: 714ms
[2025-04-03 10:38:09] Key Pressed: Tab (9) - Interval: 32ms
[2025-04-03 10:38:22] Key Pressed: Shift (160) - Interval: 13158ms
[2025-04-03 10:38:22] Key Pressed: Unknown[91] (91) - Interval: 20ms
[2025-04-03 10:38:22] Key Pressed: S (83) - Interval: 127ms
[2025-04-03 10:38:25] Key Pressed: Alt (164) - Interval: 2925ms
[2025-04-03 10:38:26] Key Pressed: Ctrl (162) - Interval: 634ms
[2025-04-03 10:38:26] Key Pressed: V (86) - Interval: 74ms
[2025-04-03 10:38:26] Key Pressed: Enter (13) - Interval: 366ms
[2025-04-03 10:38:26] Key Pressed: C (67) - Interval: 326ms
[2025-04-03 10:38:26] Key Pressed: L (76) - Interval: 98ms
[2025-04-03 10:38:27] Key Pressed: M (77) - Interval: 198ms
[2025-04-03 10:38:27] Key Pressed: Space (32) - Interval: 193ms
[2025-04-03 10:38:27] Key Pressed: Enter (13) - Interval: 590ms
[2025-04-03 10:38:28] Key Pressed: P (80) - Interval: 476ms
[2025-04-03 10:38:28] Key Pressed: R (82) - Interval: 123ms
[2025-04-03 10:38:28] Key Pressed: I (73) - Interval: 188ms
[2025-04-03 10:38:29] Key Pressed: Backspace (8) - Interval: 266ms
[2025-04-03 10:38:29] Key Pressed: O (79) - Interval: 163ms
[2025-04-03 10:38:29] Key Pressed: M (77) - Interval: 219ms
[2025-04-03 10:38:29] Key Pressed: Backspace (8) - Interval: 338ms
[2025-04-03 10:38:30] Key Pressed: Backspace (8) - Interval: 512ms
[2025-04-03 10:38:30] Key Pressed: Backspace (8) - Interval: 32ms
[2025-04-03 10:38:30] Key Pressed: Backspace (8) - Interval: 34ms
[2025-04-03 10:38:30] Key Pressed: Backspace (8) - Interval: 31ms
[2025-04-03 10:38:30] Key Pressed: Backspace (8) - Interval: 33ms
[2025-04-03 10:38:30] Key Pressed: = (187) - Interval: 82ms
[2025-04-03 10:38:30] Key Pressed: Shift (160) - Interval: 130ms
[2025-04-03 10:38:30] Key Pressed: 0 (48) - Interval: 113ms
[2025-04-03 10:38:31] Key Pressed: 0 (48) - Interval: 513ms
[2025-04-03 10:38:31] Key Pressed: 0 (48) - Interval: 33ms
[2025-04-03 10:38:31] Key Pressed: 0 (48) - Interval: 33ms
[2025-04-03 10:38:31] Key Pressed: 0 (48) - Interval: 32ms
[2025-04-03 10:38:31] Key Pressed: Enter (13) - Interval: 184ms
[2025-04-03 10:38:33] Key Pressed: U (85) - Interval: 2065ms
[2025-04-03 10:38:33] Key Pressed: Backspace (8) - Interval: 344ms
[2025-04-03 10:38:34] Key Pressed: Backspace (8) - Interval: 167ms
[2025-04-03 10:38:34] Key Pressed: Ctrl (162) - Interval: 650ms
[2025-04-03 10:38:34] Key Pressed: Shift (160) - Interval: 120ms
[2025-04-03 10:38:35] Key Pressed: N (78) - Interval: 458ms
[2025-04-03 10:38:35] Key Pressed: A (65) - Interval: 159ms
[2025-04-03 10:38:35] Key Pressed: A (65) - Interval: 135ms
[2025-04-03 10:38:35] Key Pressed: Backspace (8) - Interval: 0ms
[2025-04-03 10:38:35] Key Pressed: Unknown[231] (231) - Interval: 1ms
[2025-04-03 10:38:35] Key Pressed: Y (89) - Interval: 95ms
[2025-04-03 10:38:35] Key Pressed: F (70) - Interval: 7ms
[2025-04-03 10:38:35] Key Pressed: Backspace (8) - Interval: 0ms
[2025-04-03 10:38:35] Key Pressed: Backspace (8) - Interval: 2ms
[2025-04-03 10:38:35] ALERT: Potential Keystroke Injection (Too Fast)!
[2025-04-03 10:38:35] Key Pressed: Unknown[231] (231) - Interval: 2ms
[2025-04-03 10:38:35] ALERT: Potential Keystroke Injection (Too Fast)!
[2025-04-03 10:38:35] Key Pressed: Unknown[231] (231) - Interval: 1ms
[2025-04-03 10:38:35] ALERT: Potential Keystroke Injection (Too Fast)!
[2025-04-03 10:38:36] Key Pressed: Backspace (8) - Interval: 307ms
[2025-04-03 10:38:36] ALERT: Potential Keystroke Injection (Too Fast)!
[2025-04-03 10:38:36] Key Pressed: Backspace (8) - Interval: 140ms
[2025-04-03 10:38:36] ALERT: Potential Keystroke Injection (Too Fast)!
[2025-04-03 10:38:36] Key Pressed: A (65) - Interval: 139ms
[2025-04-03 10:38:36] ALERT: Potential Keystroke Injection (Too Fast)!
[2025-04-03 10:38:36] Key Pressed: Y (89) - Interval: 53ms
[2025-04-03 10:38:36] ALERT: Potential Keystroke Injection (Too Fast)!
[2025-04-03 10:38:36] Key Pressed: F (70) - Interval: 13ms
[2025-04-03 10:38:36] ALERT: Potential Keystroke Injection (Too Fast)!
[2025-04-03 10:38:36] Key Pressed: Backspace (8) - Interval: 1ms
[2025-04-03 10:38:36] ALERT: Potential Keystroke Injection (Too Fast)!
[2025-04-03 10:38:36] Key Pressed: Backspace (8) - Interval: 0ms
[2025-04-03 10:38:36] ALERT: Potential Keystroke Injection (Too Fast)!
[2025-04-03 10:38:36] Key Pressed: Unknown[231] (231) - Interval: 2ms
[2025-04-03 10:38:36] ALERT: Potential Keystroke Injection (Too Fast)!
[2025-04-03 10:38:36] Key Pressed: Unknown[231] (231) - Interval: 1ms
[2025-04-03 10:38:36] ALERT: Potential Keystroke Injection (Too Fast)!
[2025-04-03 10:38:36] Key Pressed: Space (32) - Interval: 181ms
[2025-04-03 10:38:36] ALERT: Potential Keystroke Injection (Too Fast)!
[2025-04-03 10:38:36] Key Pressed: T (84) - Interval: 81ms
[2025-04-03 10:38:36] ALERT: Potential Keystroke Injection (Too Fast)!
[2025-04-03 10:38:36] Key Pressed: Backspace (8) - Interval: 261ms
[2025-04-03 10:38:36] ALERT: Potential Keystroke Injection (Too Fast)!
[2025-04-03 10:38:37] Key Pressed: L (76) - Interval: 150ms
[2025-04-03 10:38:37] ALERT: Potential Keystroke Injection (Too Fast)!
[2025-04-03 10:38:37] Key Pressed: A (65) - Interval: 48ms
[2025-04-03 10:38:37] ALERT: Potential Keystroke Injection (Too Fast)!
[2025-04-03 10:38:37] Key Pressed: F (70) - Interval: 86ms
[2025-04-03 10:38:37] Key Pressed: Backspace (8) - Interval: 0ms
[2025-04-03 10:38:37] Key Pressed: Unknown[231] (231) - Interval: 3ms
[2025-04-03 10:38:37] Key Pressed: Space (32) - Interval: 205ms
[2025-04-03 10:38:37] Key Pressed: T (84) - Interval: 81ms
[2025-04-03 10:38:37] Key Pressed: Space (32) - Interval: 416ms
[2025-04-03 10:38:38] Key Pressed: D (68) - Interval: 177ms
[2025-04-03 10:38:38] Key Pressed: E (69) - Interval: 97ms
[2025-04-03 10:38:38] Key Pressed: Backspace (8) - Interval: 202ms
[2025-04-03 10:38:38] Key Pressed: Backspace (8) - Interval: 177ms
[2025-04-03 10:38:40] Key Pressed: T (84) - Interval: 2429ms
[2025-04-03 10:38:41] Key Pressed: U (85) - Interval: 157ms
[2025-04-03 10:38:41] Key Pressed: S (83) - Interval: 106ms
[2025-04-03 10:38:41] Key Pressed: Backspace (8) - Interval: 1ms
[2025-04-03 10:38:41] Key Pressed: Unknown[231] (231) - Interval: 2ms
[2025-04-03 10:38:41] Key Pressed: S (83) - Interval: 140ms
[2025-04-03 10:38:41] Key Pressed: Backspace (8) - Interval: 0ms
[2025-04-03 10:38:41] Key Pressed: Unknown[231] (231) - Interval: 2ms
[2025-04-03 10:38:41] Key Pressed: Unknown[231] (231) - Interval: 0ms
[2025-04-03 10:38:41] ALERT: Potential Keystroke Injection (Too Fast)!
[2025-04-03 10:38:41] Key Pressed: T (84) - Interval: 213ms
[2025-04-03 10:38:41] ALERT: Potential Keystroke Injection (Too Fast)!
[2025-04-03 10:38:41] Key Pressed: Space (32) - Interval: 165ms
[2025-04-03 10:38:41] ALERT: Potential Keystroke Injection (Too Fast)!
[2025-04-03 10:38:42] Key Pressed: Backspace (8) - Interval: 244ms
[2025-04-03 10:38:42] ALERT: Potential Keystroke Injection (Too Fast)!
[2025-04-03 10:38:42] Key Pressed: Backspace (8) - Interval: 166ms
[2025-04-03 10:38:42] ALERT: Potential Keystroke Injection (Too Fast)!
[2025-04-03 10:38:42] Key Pressed: Backspace (8) - Interval: 144ms
[2025-04-03 10:38:42] Key Pressed: Backspace (8) - Interval: 136ms
[2025-04-03 10:38:42] Key Pressed: R (82) - Interval: 187ms
[2025-04-03 10:38:42] Key Pressed: U (85) - Interval: 134ms
[2025-04-03 10:38:42] Key Pressed: S (83) - Interval: 117ms
[2025-04-03 10:38:42] Key Pressed: Backspace (8) - Interval: 1ms
[2025-04-03 10:38:42] Key Pressed: Unknown[231] (231) - Interval: 3ms
[2025-04-03 10:38:43] Key Pressed: S (83) - Interval: 129ms
[2025-04-03 10:38:43] Key Pressed: Backspace (8) - Interval: 0ms
[2025-04-03 10:38:43] Key Pressed: Unknown[231] (231) - Interval: 4ms
[2025-04-03 10:38:43] Key Pressed: Unknown[231] (231) - Interval: 0ms
[2025-04-03 10:38:43] ALERT: Potential Keystroke Injection (Too Fast)!
[2025-04-03 10:38:43] Key Pressed: T (84) - Interval: 234ms
[2025-04-03 10:38:43] ALERT: Potential Keystroke Injection (Too Fast)!
[2025-04-03 10:38:43] Key Pressed: Space (32) - Interval: 154ms
[2025-04-03 10:38:43] ALERT: Potential Keystroke Injection (Too Fast)!
[2025-04-03 10:38:43] Key Pressed: D (68) - Interval: 243ms
[2025-04-03 10:38:43] ALERT: Potential Keystroke Injection (Too Fast)!
[2025-04-03 10:38:43] Key Pressed: E (69) - Interval: 80ms
[2025-04-03 10:38:43] ALERT: Potential Keystroke Injection (Too Fast)!
[2025-04-03 10:38:43] Key Pressed: V (86) - Interval: 214ms
[2025-04-03 10:38:44] Key Pressed: I (73) - Interval: 110ms
[2025-04-03 10:38:44] Key Pressed: C (67) - Interval: 87ms
[2025-04-03 10:38:44] Key Pressed: E (69) - Interval: 102ms
[2025-04-03 10:38:44] Key Pressed: Unknown[231] (231) - Interval: 0ms
[2025-04-03 10:38:44] Key Pressed: Space (32) - Interval: 270ms
[2025-04-03 10:38:46] Key Pressed: D (68) - Interval: 1606ms
[2025-04-03 10:38:46] Key Pressed: D (68) - Interval: 145ms
[2025-04-03 10:38:46] Key Pressed: Backspace (8) - Interval: 1ms
[2025-04-03 10:38:46] Key Pressed: Unknown[231] (231) - Interval: 2ms
[2025-04-03 10:38:46] Key Pressed: A (65) - Interval: 105ms
[2025-04-03 10:38:46] Key Pressed: X (88) - Interval: 101ms
[2025-04-03 10:38:46] Key Pressed: Backspace (8) - Interval: 1ms
[2025-04-03 10:38:46] Key Pressed: Unknown[231] (231) - Interval: 1ms
[2025-04-03 10:38:46] ALERT: Potential Keystroke Injection (Too Fast)!
[2025-04-03 10:38:46] Key Pressed: Space (32) - Interval: 183ms
[2025-04-03 10:38:46] Key Pressed: C (67) - Interval: 103ms
[2025-04-03 10:38:46] Key Pressed: A (65) - Interval: 162ms
[2025-04-03 10:38:46] Key Pressed: W (87) - Interval: 14ms
[2025-04-03 10:38:46] ALERT: Potential Keystroke Injection (Too Fast)!
[2025-04-03 10:38:46] Key Pressed: Backspace (8) - Interval: 1ms
[2025-04-03 10:38:46] ALERT: Potential Keystroke Injection (Too Fast)!
[2025-04-03 10:38:46] Key Pressed: Unknown[231] (231) - Interval: 0ms
[2025-04-03 10:38:46] ALERT: Potential Keystroke Injection (Too Fast)!
[2025-04-03 10:38:47] Key Pressed: S (83) - Interval: 166ms
[2025-04-03 10:38:47] ALERT: Potential Keystroke Injection (Too Fast)!
[2025-04-03 10:38:47] Key Pressed: Backspace (8) - Interval: 1ms
[2025-04-03 10:38:47] ALERT: Potential Keystroke Injection (Too Fast)!
[2025-04-03 10:38:47] Key Pressed: Unknown[231] (231) - Interval: 0ms
[2025-04-03 10:38:47] ALERT: Potential Keystroke Injection (Too Fast)!
[2025-04-03 10:38:47] Key Pressed: M (77) - Interval: 3ms
[2025-04-03 10:38:47] ALERT: Potential Keystroke Injection (Too Fast)!
[2025-04-03 10:38:47] Key Pressed: Space (32) - Interval: 157ms
[2025-04-03 10:38:47] ALERT: Potential Keystroke Injection (Too Fast)!
[2025-04-03 10:38:47] Key Pressed: S (83) - Interval: 425ms
[2025-04-03 10:38:47] ALERT: Potential Keystroke Injection (Too Fast)!
[2025-04-03 10:38:47] Key Pressed: A (65) - Interval: 150ms
[2025-04-03 10:38:47] ALERT: Potential Keystroke Injection (Too Fast)!
[2025-04-03 10:38:47] Key Pressed: W (87) - Interval: 97ms
[2025-04-03 10:38:47] ALERT: Potential Keystroke Injection (Too Fast)!
[2025-04-03 10:38:47] Key Pressed: Backspace (8) - Interval: 0ms
[2025-04-03 10:38:47] ALERT: Potential Keystroke Injection (Too Fast)!
[2025-04-03 10:38:47] Key Pressed: Unknown[231] (231) - Interval: 1ms
[2025-04-03 10:38:47] ALERT: Potential Keystroke Injection (Too Fast)!
[2025-04-03 10:38:48] Key Pressed: X (88) - Interval: 174ms
[2025-04-03 10:38:48] ALERT: Potential Keystroke Injection (Too Fast)!
[2025-04-03 10:38:48] Key Pressed: Backspace (8) - Interval: 0ms
[2025-04-03 10:38:48] ALERT: Potential Keystroke Injection (Too Fast)!
[2025-04-03 10:38:48] Key Pressed: Unknown[231] (231) - Interval: 3ms
[2025-04-03 10:38:48] ALERT: Potential Keystroke Injection (Too Fast)!
[2025-04-03 10:38:48] Key Pressed: N (78) - Interval: 50ms
[2025-04-03 10:38:48] Key Pressed: Space (32) - Interval: 372ms
[2025-04-03 10:38:48] Key Pressed: Enter (13) - Interval: 208ms
[2025-04-03 10:38:49] Key Pressed: R (82) - Interval: 564ms
[2025-04-03 10:38:49] Key Pressed: Backspace (8) - Interval: 272ms
[2025-04-03 10:38:49] Key Pressed: Backspace (8) - Interval: 181ms
[2025-04-03 10:38:49] Key Pressed: Ctrl (162) - Interval: 134ms
[2025-04-03 10:38:50] Key Pressed: Shift (160) - Interval: 98ms
[2025-04-03 10:38:50] Key Pressed: Ctrl (162) - Interval: 728ms
[2025-04-03 10:38:51] Key Pressed: Alt (164) - Interval: 507ms
[2025-04-03 10:38:51] Key Pressed: Tab (9) - Interval: 85ms
[2025-04-03 10:38:52] Key Pressed: Alt (164) - Interval: 829ms
[2025-04-03 10:38:52] Key Pressed: Tab (9) - Interval: 96ms
[2025-04-03 10:38:58] Key Pressed: Unknown[91] (91) - Interval: 6712ms
[2025-04-03 10:38:59] Key Pressed: Shift (160) - Interval: 36ms
[2025-04-03 10:38:59] Key Pressed: S (83) - Interval: 90ms
[2025-04-03 10:39:01] Key Pressed: Ctrl (162) - Interval: 2679ms
[2025-04-03 10:39:01] Key Pressed: V (86) - Interval: 97ms
[2025-04-03 10:39:02] Key Pressed: Enter (13) - Interval: 415ms
[2025-04-03 10:39:03] Key Pressed: H (72) - Interval: 803ms
[2025-04-03 10:39:03] Key Pressed: O (79) - Interval: 177ms
[2025-04-03 10:39:03] Key Pressed: Backspace (8) - Interval: 240ms
[2025-04-03 10:39:03] Key Pressed: Backspace (8) - Interval: 161ms
[2025-04-03 10:39:03] Key Pressed: H (72) - Interval: 133ms
[2025-04-03 10:39:03] Key Pressed: O (79) - Interval: 85ms
[2025-04-03 10:39:04] Key Pressed: I (73) - Interval: 173ms
[2025-04-03 10:39:04] Key Pressed: W (87) - Interval: 27ms
[2025-04-03 10:39:04] Key Pressed: Space (32) - Interval: 201ms
[2025-04-03 10:39:04] Key Pressed: L (76) - Interval: 112ms
[2025-04-03 10:39:04] Key Pressed: O (79) - Interval: 210ms
[2025-04-03 10:39:04] Key Pressed: R (82) - Interval: 70ms
[2025-04-03 10:39:04] Key Pressed: Space (32) - Interval: 146ms
[2025-04-03 10:39:05] Key Pressed: N (78) - Interval: 158ms
[2025-04-03 10:39:05] Key Pressed: H (72) - Interval: 191ms
[2025-04-03 10:39:05] Key Pressed: Ctrl (162) - Interval: 342ms
[2025-04-03 10:39:05] Key Pressed: Shift (160) - Interval: 38ms
[2025-04-03 10:39:05] Key Pressed: Backspace (8) - Interval: 119ms
[2025-04-03 10:39:06] Key Pressed: Backspace (8) - Interval: 516ms
[2025-04-03 10:39:06] Key Pressed: Backspace (8) - Interval: 32ms
[2025-04-03 10:39:06] Key Pressed: Backspace (8) - Interval: 32ms
[2025-04-03 10:39:06] Key Pressed: Backspace (8) - Interval: 32ms
[2025-04-03 10:39:06] Key Pressed: Backspace (8) - Interval: 32ms
[2025-04-03 10:39:06] Key Pressed: Backspace (8) - Interval: 32ms
[2025-04-03 10:39:06] Key Pressed: Backspace (8) - Interval: 33ms
[2025-04-03 10:39:06] Key Pressed: Backspace (8) - Interval: 33ms
[2025-04-03 10:39:06] Key Pressed: Backspace (8) - Interval: 34ms
[2025-04-03 10:39:06] Key Pressed: Backspace (8) - Interval: 32ms
[2025-04-03 10:39:06] Key Pressed: Backspace (8) - Interval: 34ms
[2025-04-03 10:39:06] Key Pressed: Backspace (8) - Interval: 32ms
[2025-04-03 10:39:06] Key Pressed: Backspace (8) - Interval: 32ms
[2025-04-03 10:39:06] Key Pressed: Backspace (8) - Interval: 33ms
[2025-04-03 10:39:06] Key Pressed: Backspace (8) - Interval: 33ms
[2025-04-03 10:39:06] Key Pressed: Backspace (8) - Interval: 34ms
[2025-04-03 10:39:06] Key Pressed: H (72) - Interval: 154ms
[2025-04-03 10:39:07] Key Pressed: O (79) - Interval: 220ms
[2025-04-03 10:39:07] Key Pressed: W (87) - Interval: 186ms
[2025-04-03 10:39:07] Key Pressed: Backspace (8) - Interval: 0ms
[2025-04-03 10:39:07] Key Pressed: Unknown[231] (231) - Interval: 2ms
[2025-04-03 10:39:07] Key Pressed: I (73) - Interval: 18ms
[2025-04-03 10:39:07] Key Pressed: Space (32) - Interval: 148ms
[2025-04-03 10:39:07] Key Pressed: L (76) - Interval: 112ms
[2025-04-03 10:39:07] Key Pressed: O (79) - Interval: 165ms
[2025-04-03 10:39:07] Key Pressed: R (82) - Interval: 91ms
[2025-04-03 10:39:07] Key Pressed: Backspace (8) - Interval: 1ms
[2025-04-03 10:39:07] Key Pressed: Unknown[231] (231) - Interval: 1ms
[2025-04-03 10:39:07] ALERT: Potential Keystroke Injection (Too Fast)!
[2025-04-03 10:39:07] Key Pressed: Space (32) - Interval: 121ms
[2025-04-03 10:39:07] ALERT: Potential Keystroke Injection (Too Fast)!
[2025-04-03 10:39:08] Key Pressed: N (78) - Interval: 118ms
[2025-04-03 10:39:08] Key Pressed: H (72) - Interval: 170ms
[2025-04-03 10:39:08] Key Pressed: A (65) - Interval: 262ms
[2025-04-03 10:39:09] Key Pressed: Backspace (8) - Interval: 575ms
[2025-04-03 10:39:09] Key Pressed: M (77) - Interval: 203ms
[2025-04-03 10:39:09] Key Pressed: A (65) - Interval: 203ms
[2025-04-03 10:39:09] Key Pressed: Space (32) - Interval: 231ms
[2025-04-03 10:39:09] Key Pressed: C (67) - Interval: 165ms
[2025-04-03 10:39:09] Key Pressed: H (72) - Interval: 108ms
[2025-04-03 10:39:10] Key Pressed: A (65) - Interval: 112ms
[2025-04-03 10:39:10] Key Pressed: W (87) - Interval: 32ms
[2025-04-03 10:39:10] Key Pressed: Backspace (8) - Interval: 0ms
[2025-04-03 10:39:10] Key Pressed: Unknown[231] (231) - Interval: 2ms
[2025-04-03 10:39:10] Key Pressed: S (83) - Interval: 178ms
[2025-04-03 10:39:10] Key Pressed: Backspace (8) - Interval: 0ms
[2025-04-03 10:39:10] Key Pressed: Unknown[231] (231) - Interval: 3ms
[2025-04-03 10:39:10] Key Pressed: C (67) - Interval: 30ms
[2025-04-03 10:39:10] Key Pressed: Space (32) - Interval: 173ms
[2025-04-03 10:39:10] Key Pressed: C (67) - Interval: 91ms
[2025-04-03 10:39:10] Key Pressed: U (85) - Interval: 76ms
[2025-04-03 10:39:10] Key Pressed: U (85) - Interval: 181ms
[2025-04-03 10:39:10] Key Pressed: W (87) - Interval: 102ms
[2025-04-03 10:39:10] Key Pressed: Backspace (8) - Interval: 0ms
[2025-04-03 10:39:10] Key Pressed: Backspace (8) - Interval: 2ms
[2025-04-03 10:39:10] Key Pressed: Unknown[231] (231) - Interval: 0ms
[2025-04-03 10:39:10] Key Pressed: Unknown[231] (231) - Interval: 1ms
[2025-04-03 10:39:11] Key Pressed: S (83) - Interval: 174ms
[2025-04-03 10:39:11] Key Pressed: Backspace (8) - Interval: 0ms
[2025-04-03 10:39:11] ALERT: Potential Keystroke Injection (Too Fast)!
[2025-04-03 10:39:11] Key Pressed: Backspace (8) - Interval: 2ms
[2025-04-03 10:39:11] ALERT: Potential Keystroke Injection (Too Fast)!
[2025-04-03 10:39:11] Key Pressed: Unknown[231] (231) - Interval: 1ms
[2025-04-03 10:39:11] ALERT: Potential Keystroke Injection (Too Fast)!
[2025-04-03 10:39:11] Key Pressed: Unknown[231] (231) - Interval: 1ms
[2025-04-03 10:39:11] ALERT: Potential Keystroke Injection (Too Fast)!
[2025-04-03 10:39:11] Key Pressed: Space (32) - Interval: 119ms
[2025-04-03 10:39:11] ALERT: Potential Keystroke Injection (Too Fast)!
[2025-04-03 10:39:11] Key Pressed: D (68) - Interval: 172ms
[2025-04-03 10:39:11] ALERT: Potential Keystroke Injection (Too Fast)!
[2025-04-03 10:39:11] Key Pressed: U (85) - Interval: 21ms
[2025-04-03 10:39:11] ALERT: Potential Keystroke Injection (Too Fast)!
[2025-04-03 10:39:11] Key Pressed: D (68) - Interval: 135ms
[2025-04-03 10:39:11] ALERT: Potential Keystroke Injection (Too Fast)!
[2025-04-03 10:39:11] Key Pressed: Backspace (8) - Interval: 0ms
[2025-04-03 10:39:11] ALERT: Potential Keystroke Injection (Too Fast)!
[2025-04-03 10:39:11] Key Pressed: Backspace (8) - Interval: 3ms
[2025-04-03 10:39:11] ALERT: Potential Keystroke Injection (Too Fast)!
[2025-04-03 10:39:11] Key Pressed: Unknown[231] (231) - Interval: 1ms
[2025-04-03 10:39:11] ALERT: Potential Keystroke Injection (Too Fast)!
[2025-04-03 10:39:11] Key Pressed: Unknown[231] (231) - Interval: 1ms
[2025-04-03 10:39:11] ALERT: Potential Keystroke Injection (Too Fast)!
[2025-04-03 10:39:11] Key Pressed: O (79) - Interval: 109ms
[2025-04-03 10:39:11] ALERT: Potential Keystroke Injection (Too Fast)!
[2025-04-03 10:39:11] Key Pressed: D (68) - Interval: 102ms
[2025-04-03 10:39:11] ALERT: Potential Keystroke Injection (Too Fast)!
[2025-04-03 10:39:11] Key Pressed: Backspace (8) - Interval: 0ms
[2025-04-03 10:39:11] ALERT: Potential Keystroke Injection (Too Fast)!
[2025-04-03 10:39:11] Key Pressed: Backspace (8) - Interval: 3ms
[2025-04-03 10:39:11] ALERT: Potential Keystroke Injection (Too Fast)!
[2025-04-03 10:39:11] Key Pressed: Backspace (8) - Interval: 1ms
[2025-04-03 10:39:11] ALERT: Potential Keystroke Injection (Too Fast)!
[2025-04-03 10:39:11] Key Pressed: Unknown[231] (231) - Interval: 1ms
[2025-04-03 10:39:11] ALERT: Potential Keystroke Injection (Too Fast)!
[2025-04-03 10:39:11] Key Pressed: Unknown[231] (231) - Interval: 1ms
[2025-04-03 10:39:11] ALERT: Potential Keystroke Injection (Too Fast)!
[2025-04-03 10:39:11] Key Pressed: Unknown[231] (231) - Interval: 1ms
[2025-04-03 10:39:11] ALERT: Potential Keystroke Injection (Too Fast)!
[2025-04-03 10:39:11] Key Pressed: Unknown[231] (231) - Interval: 0ms
[2025-04-03 10:39:11] ALERT: Potential Keystroke Injection (Too Fast)!
[2025-04-03 10:39:12] Key Pressed: J (74) - Interval: 178ms
[2025-04-03 10:39:12] ALERT: Potential Keystroke Injection (Too Fast)!
[2025-04-03 10:39:12] Key Pressed: C (67) - Interval: 130ms
[2025-04-03 10:39:12] ALERT: Potential Keystroke Injection (Too Fast)!
[2025-04-03 10:39:12] Key Pressed: W (87) - Interval: 96ms
[2025-04-03 10:39:12] ALERT: Potential Keystroke Injection (Too Fast)!
[2025-04-03 10:39:12] Key Pressed: Unknown[231] (231) - Interval: 0ms
[2025-04-03 10:39:12] ALERT: Potential Keystroke Injection (Too Fast)!
[2025-04-03 10:39:12] Key Pressed: Backspace (8) - Interval: 275ms
[2025-04-03 10:39:12] ALERT: Potential Keystroke Injection (Too Fast)!
[2025-04-03 10:39:12] Key Pressed: Backspace (8) - Interval: 166ms
[2025-04-03 10:39:12] ALERT: Potential Keystroke Injection (Too Fast)!
[2025-04-03 10:39:12] Key Pressed: Backspace (8) - Interval: 142ms
[2025-04-03 10:39:13] Key Pressed: Backspace (8) - Interval: 513ms
[2025-04-03 10:39:13] Key Pressed: Backspace (8) - Interval: 31ms
[2025-04-03 10:39:13] Key Pressed: Backspace (8) - Interval: 33ms
[2025-04-03 10:39:13] Key Pressed: Backspace (8) - Interval: 33ms
[2025-04-03 10:39:13] Key Pressed: Backspace (8) - Interval: 34ms
[2025-04-03 10:39:13] Key Pressed: Backspace (8) - Interval: 32ms
[2025-04-03 10:39:13] Key Pressed: Backspace (8) - Interval: 32ms
[2025-04-03 10:39:13] Key Pressed: Backspace (8) - Interval: 33ms
[2025-04-03 10:39:13] Key Pressed: Backspace (8) - Interval: 32ms
[2025-04-03 10:39:13] Key Pressed: Backspace (8) - Interval: 32ms
[2025-04-03 10:39:13] Key Pressed: Backspace (8) - Interval: 33ms
[2025-04-03 10:39:13] Key Pressed: D (68) - Interval: 92ms
[2025-04-03 10:39:13] Key Pressed: Unknown[231] (231) - Interval: 0ms
[2025-04-03 10:39:13] Key Pressed: D (68) - Interval: 161ms
[2025-04-03 10:39:13] Key Pressed: Backspace (8) - Interval: 0ms
[2025-04-03 10:39:13] Key Pressed: Unknown[231] (231) - Interval: 3ms
[2025-04-03 10:39:14] Key Pressed: Backspace (8) - Interval: 579ms
[2025-04-03 10:39:14] Key Pressed: Backspace (8) - Interval: 160ms
[2025-04-03 10:39:14] Key Pressed: Backspace (8) - Interval: 151ms
[2025-04-03 10:39:14] Key Pressed: Backspace (8) - Interval: 171ms
[2025-04-03 10:39:15] Key Pressed: Space (32) - Interval: 366ms
[2025-04-03 10:39:15] Key Pressed: C (67) - Interval: 167ms
[2025-04-03 10:39:15] Key Pressed: Backspace (8) - Interval: 324ms
[2025-04-03 10:39:15] Key Pressed: C (67) - Interval: 127ms
[2025-04-03 10:39:16] Key Pressed: H (72) - Interval: 113ms
[2025-04-03 10:39:16] Key Pressed: A (65) - Interval: 135ms
[2025-04-03 10:39:16] Key Pressed: W (87) - Interval: 24ms
[2025-04-03 10:39:16] Key Pressed: Backspace (8) - Interval: 1ms
[2025-04-03 10:39:16] Key Pressed: Unknown[231] (231) - Interval: 1ms
[2025-04-03 10:39:16] Key Pressed: S (83) - Interval: 179ms
[2025-04-03 10:39:16] Key Pressed: Backspace (8) - Interval: 0ms
[2025-04-03 10:39:16] Key Pressed: Unknown[231] (231) - Interval: 4ms
[2025-04-03 10:39:16] ALERT: Potential Keystroke Injection (Too Fast)!
[2025-04-03 10:39:16] Key Pressed: C (67) - Interval: 50ms
[2025-04-03 10:39:16] ALERT: Potential Keystroke Injection (Too Fast)!
[2025-04-03 10:39:16] Key Pressed: Space (32) - Interval: 153ms
[2025-04-03 10:39:16] ALERT: Potential Keystroke Injection (Too Fast)!
[2025-04-03 10:39:16] Key Pressed: C (67) - Interval: 96ms
[2025-04-03 10:39:16] ALERT: Potential Keystroke Injection (Too Fast)!
[2025-04-03 10:39:16] Key Pressed: U (85) - Interval: 268ms
[2025-04-03 10:39:16] ALERT: Potential Keystroke Injection (Too Fast)!
[2025-04-03 10:39:17] Key Pressed: U (85) - Interval: 179ms
[2025-04-03 10:39:17] Key Pressed: W (87) - Interval: 108ms
[2025-04-03 10:39:17] Key Pressed: Backspace (8) - Interval: 0ms
[2025-04-03 10:39:17] Key Pressed: Backspace (8) - Interval: 3ms
[2025-04-03 10:39:17] Key Pressed: Unknown[231] (231) - Interval: 1ms
[2025-04-03 10:39:17] Key Pressed: Unknown[231] (231) - Interval: 0ms
[2025-04-03 10:39:17] Key Pressed: S (83) - Interval: 172ms
[2025-04-03 10:39:17] Key Pressed: Backspace (8) - Interval: 0ms
[2025-04-03 10:39:17] ALERT: Potential Keystroke Injection (Too Fast)!
[2025-04-03 10:39:17] Key Pressed: Backspace (8) - Interval: 2ms
[2025-04-03 10:39:17] ALERT: Potential Keystroke Injection (Too Fast)!
[2025-04-03 10:39:17] Key Pressed: Unknown[231] (231) - Interval: 1ms
[2025-04-03 10:39:17] ALERT: Potential Keystroke Injection (Too Fast)!
[2025-04-03 10:39:17] Key Pressed: Unknown[231] (231) - Interval: 1ms
[2025-04-03 10:39:17] ALERT: Potential Keystroke Injection (Too Fast)!
[2025-04-03 10:39:17] Key Pressed: Space (32) - Interval: 115ms
[2025-04-03 10:39:17] ALERT: Potential Keystroke Injection (Too Fast)!
[2025-04-03 10:39:17] Key Pressed: D (68) - Interval: 127ms
[2025-04-03 10:39:17] ALERT: Potential Keystroke Injection (Too Fast)!
[2025-04-03 10:39:17] Key Pressed: U (85) - Interval: 77ms
[2025-04-03 10:39:17] ALERT: Potential Keystroke Injection (Too Fast)!
[2025-04-03 10:39:17] Key Pressed: D (68) - Interval: 63ms
[2025-04-03 10:39:17] ALERT: Potential Keystroke Injection (Too Fast)!
[2025-04-03 10:39:17] Key Pressed: Backspace (8) - Interval: 0ms
[2025-04-03 10:39:17] ALERT: Potential Keystroke Injection (Too Fast)!
[2025-04-03 10:39:17] Key Pressed: Backspace (8) - Interval: 1ms
[2025-04-03 10:39:17] ALERT: Potential Keystroke Injection (Too Fast)!
[2025-04-03 10:39:17] Key Pressed: Unknown[231] (231) - Interval: 2ms
[2025-04-03 10:39:17] ALERT: Potential Keystroke Injection (Too Fast)!
[2025-04-03 10:39:17] Key Pressed: Unknown[231] (231) - Interval: 1ms
[2025-04-03 10:39:17] ALERT: Potential Keystroke Injection (Too Fast)!
[2025-04-03 10:39:17] Key Pressed: O (79) - Interval: 132ms
[2025-04-03 10:39:17] ALERT: Potential Keystroke Injection (Too Fast)!
[2025-04-03 10:39:18] Key Pressed: C (67) - Interval: 97ms
[2025-04-03 10:39:18] Key Pressed: J (74) - Interval: 118ms
[2025-04-03 10:39:18] Key Pressed: Backspace (8) - Interval: 0ms
[2025-04-03 10:39:18] ALERT: Potential Keystroke Injection (Too Fast)!
[2025-04-03 10:39:18] Key Pressed: Backspace (8) - Interval: 2ms
[2025-04-03 10:39:18] ALERT: Potential Keystroke Injection (Too Fast)!
[2025-04-03 10:39:18] Key Pressed: Unknown[231] (231) - Interval: 1ms
[2025-04-03 10:39:18] ALERT: Potential Keystroke Injection (Too Fast)!
[2025-04-03 10:39:18] Key Pressed: Unknown[231] (231) - Interval: 1ms
[2025-04-03 10:39:18] ALERT: Potential Keystroke Injection (Too Fast)!
[2025-04-03 10:39:18] Key Pressed: W (87) - Interval: 0ms
[2025-04-03 10:39:18] ALERT: Potential Keystroke Injection (Too Fast)!
[2025-04-03 10:39:18] Key Pressed: Backspace (8) - Interval: 0ms
[2025-04-03 10:39:18] ALERT: Potential Keystroke Injection (Too Fast)!
[2025-04-03 10:39:18] Key Pressed: Backspace (8) - Interval: 0ms
[2025-04-03 10:39:18] ALERT: Potential Keystroke Injection (Too Fast)!
[2025-04-03 10:39:18] Key Pressed: Backspace (8) - Interval: 1ms
[2025-04-03 10:39:18] ALERT: Potential Keystroke Injection (Too Fast)!
[2025-04-03 10:39:18] Key Pressed: Unknown[231] (231) - Interval: 1ms
[2025-04-03 10:39:18] ALERT: Potential Keystroke Injection (Too Fast)!
[2025-04-03 10:39:18] Key Pressed: Unknown[231] (231) - Interval: 1ms
[2025-04-03 10:39:18] ALERT: Potential Keystroke Injection (Too Fast)!
[2025-04-03 10:39:18] Key Pressed: Unknown[231] (231) - Interval: 0ms
[2025-04-03 10:39:18] ALERT: Potential Keystroke Injection (Too Fast)!
[2025-04-03 10:39:18] Key Pressed: Space (32) - Interval: 81ms
[2025-04-03 10:39:18] ALERT: Potential Keystroke Injection (Too Fast)!
[2025-04-03 10:39:18] Key Pressed: Enter (13) - Interval: 352ms
[2025-04-03 10:39:18] ALERT: Potential Keystroke Injection (Too Fast)!
[2025-04-03 10:39:18] Key Pressed: Ctrl (162) - Interval: 176ms
[2025-04-03 10:39:18] ALERT: Potential Keystroke Injection (Too Fast)!
[2025-04-03 10:39:18] Key Pressed: Shift (160) - Interval: 64ms
[2025-04-03 10:39:18] ALERT: Potential Keystroke Injection (Too Fast)!
[2025-04-03 10:39:22] Key Pressed: Alt (164) - Interval: 3231ms
[2025-04-03 10:39:22] ALERT: Potential Keystroke Injection (Too Fast)!
[2025-04-03 10:39:22] Key Pressed: Tab (9) - Interval: 80ms
[2025-04-03 10:39:43] Key Pressed: A (65) - Interval: 21701ms
[2025-04-03 10:39:45] Key Pressed: S (83) - Interval: 1158ms
[2025-04-03 10:39:45] Key Pressed: D (68) - Interval: 134ms
[2025-04-03 10:39:45] Key Pressed: A (65) - Interval: 70ms
[2025-04-03 10:39:45] Key Pressed: S (83) - Interval: 60ms
[2025-04-03 10:39:45] Key Pressed: D (68) - Interval: 42ms
[2025-04-03 10:39:45] Key Pressed: A (65) - Interval: 75ms
[2025-04-03 10:39:45] Key Pressed: S (83) - Interval: 70ms
[2025-04-03 10:39:45] Key Pressed: D (68) - Interval: 22ms
[2025-04-03 10:39:45] Key Pressed: A (65) - Interval: 80ms
[2025-04-03 10:39:49] Key Pressed: CapsLock (20) - Interval: 4314ms
[2025-04-03 10:39:50] Key Pressed: A (65) - Interval: 726ms
[2025-04-03 10:39:56] Key Pressed: Alt (164) - Interval: 6134ms
[2025-04-03 10:39:56] Key Pressed: Tab (9) - Interval: 89ms
